#
# There is insufficient memory for the Java Runtime Environment to continue.
# Native memory allocation (malloc) failed to allocate 2574232 bytes. Error detail: Chunk::new
# Possible reasons:
#   The system is out of physical RAM or swap space
#   This process is running with CompressedOops enabled, and the Java Heap may be blocking the growth of the native heap
# Possible solutions:
#   Reduce memory load on the system
#   Increase physical memory or swap space
#   Check if swap backing store is full
#   Decrease Java heap size (-Xmx/-Xms)
#   Decrease number of Java threads
#   Decrease Java thread stack sizes (-Xss)
#   Set larger code cache with -XX:ReservedCodeCacheSize=
#   JVM is running with Zero Based Compressed Oops mode in which the Java heap is
#     placed in the first 32GB address space. The Java Heap base address is the
#     maximum limit for the native heap growth. Please use -XX:HeapBaseMinAddress
#     to set the Java Heap base and to place the Java Heap above 32GB virtual address.
# This output file may be truncated or incomplete.
#
#  Out of Memory Error (arena.cpp:186), pid=14528, tid=15568
#
# JRE version: OpenJDK Runtime Environment (25.0.2) (build 25.0.2+-15348964-b329.117)
# Java VM: OpenJDK 64-Bit Server VM (25.0.2+-15348964-b329.117, mixed mode, tiered, compressed oops, compressed class ptrs, g1 gc, windows-amd64)
# No core dump will be written. Minidumps are not enabled by default on client versions of Windows
#

---------------  S U M M A R Y ------------

Command Line: org.jetbrains.kotlin.cli.jvm.K2JVMCompiler @E:\Windows\Documents\Codes\biyahe-android\app\build\20261002_8458490238757872821.compiler.options

Host: AMD Ryzen 5 3400G with Radeon Vega Graphics    , 8 cores, 15G,  Windows 10 , 64 bit Build 17763 (10.0.17763.8755)
Time: Fri Oct  2 00:49:03 2026 Taipei Standard Time elapsed time: 19.549155 seconds (0d 0h 0m 19s)

---------------  T H R E A D  ---------------

Current thread (0x000002985bb5b200):  JavaThread "C2 CompilerThread0" daemon [_thread_in_native, id=15568, stack(0x000000ebee600000,0x000000ebee700000) (1024K)]


Current CompileTask:
C2:19549 13713       4       org.jetbrains.kotlin.resolve.calls.tower.SyntheticScopeBasedTowerLevel::getVariables (149 bytes)

Stack: [0x000000ebee600000,0x000000ebee700000]
Native frames: (J=compiled Java code, j=interpreted, Vv=VM code, C=native code)
V  [jvm.dll+0x7bd439]  (no source info available)
V  [jvm.dll+0x78763d]  (no source info available)
V  [jvm.dll+0xa0c885]  (no source info available)
V  [jvm.dll+0xa0ef04]  (no source info available)
V  [jvm.dll+0xa0f603]  (no source info available)
V  [jvm.dll+0x309bf6]  (no source info available)
V  [jvm.dll+0x10ea69]  (no source info available)
V  [jvm.dll+0x10ed92]  (no source info available)
V  [jvm.dll+0x1a9837]  (no source info available)
V  [jvm.dll+0x3bec92]  (no source info available)
V  [jvm.dll+0x7c2cb7]  (no source info available)
V  [jvm.dll+0x2ce046]  (no source info available)
V  [jvm.dll+0x2cd221]  (no source info available)
V  [jvm.dll+0x242ffa]  (no source info available)
V  [jvm.dll+0x2dcc05]  (no source info available)
V  [jvm.dll+0x2dae06]  (no source info available)
V  [jvm.dll+0x49b59e]  (no source info available)
V  [jvm.dll+0x9ab9c8]  (no source info available)
V  [jvm.dll+0x7bb985]  (no source info available)
C  [ucrtbase.dll+0x2268a]  (no source info available)
C  [KERNEL32.DLL+0x17ac4]  (no source info available)
C  [ntdll.dll+0x5a8c1]  (no source info available)

Lock stack of current Java thread (top to bottom):


---------------  P R O C E S S  ---------------

Threads class SMR info:
_java_thread_list=0x000002984194c550, length=13, elements={
0x000002983f5ad880, 0x000002985bb1fcb0, 0x000002985bb5a070, 0x000002985bb2d830,
0x000002985bb30950, 0x000002985bb31510, 0x000002985bb324f0, 0x000002985bb3e9a0,
0x000002985bb5b200, 0x000002985bb62260, 0x0000029860169980, 0x0000029861612ad0,
0x00000298615b65f0
}

Java Threads: ( => current thread )
  0x000002983f5ad880 JavaThread "main"                              [_thread_in_Java, id=8360, stack(0x000000ebed700000,0x000000ebed800000) (1024K)]
  0x000002985bb1fcb0 JavaThread "Common-Cleaner"             daemon [_thread_blocked, id=4812, stack(0x000000ebedf00000,0x000000ebee000000) (1024K)]
  0x000002985bb5a070 JavaThread "Reference Handler"          daemon [_thread_blocked, id=12284, stack(0x000000ebee000000,0x000000ebee100000) (1024K)]
  0x000002985bb2d830 JavaThread "Finalizer"                  daemon [_thread_blocked, id=12920, stack(0x000000ebee100000,0x000000ebee200000) (1024K)]
  0x000002985bb30950 JavaThread "Signal Dispatcher"          daemon [_thread_blocked, id=14916, stack(0x000000ebee200000,0x000000ebee300000) (1024K)]
  0x000002985bb31510 JavaThread "Attach Listener"            daemon [_thread_blocked, id=14796, stack(0x000000ebee300000,0x000000ebee400000) (1024K)]
  0x000002985bb324f0 JavaThread "Service Thread"             daemon [_thread_blocked, id=14340, stack(0x000000ebee400000,0x000000ebee500000) (1024K)]
  0x000002985bb3e9a0 JavaThread "Monitor Deflation Thread"   daemon [_thread_blocked, id=16304, stack(0x000000ebee500000,0x000000ebee600000) (1024K)]
=>0x000002985bb5b200 JavaThread "C2 CompilerThread0"         daemon [_thread_in_native, id=15568, stack(0x000000ebee600000,0x000000ebee700000) (1024K)]
  0x000002985bb62260 JavaThread "C1 CompilerThread0"         daemon [_thread_in_native, id=504, stack(0x000000ebee700000,0x000000ebee800000) (1024K)]
  0x0000029860169980 JavaThread "Notification Thread"        daemon [_thread_blocked, id=5288, stack(0x000000ebee800000,0x000000ebee900000) (1024K)]
  0x0000029861612ad0 JavaThread "C2 CompilerThread1"         daemon [_thread_in_native, id=3952, stack(0x000000ebef100000,0x000000ebef200000) (1024K)]
  0x00000298615b65f0 JavaThread "C2 CompilerThread2"         daemon [_thread_in_vm, id=9116, stack(0x000000ebef200000,0x000000ebef300000) (1024K)]
Total: 13

Other Threads:
  0x000002985bb01760 VMThread "VM Thread"                           [id=4880, stack(0x000000ebede00000,0x000000ebedf00000) (1024K)]
  0x000002985bac1d10 WatcherThread "VM Periodic Task Thread"        [id=14408, stack(0x000000ebedd00000,0x000000ebede00000) (1024K)]
  0x00000298418fa040 WorkerThread "GC Thread#0"                     [id=11240, stack(0x000000ebed800000,0x000000ebed900000) (1024K)]
  0x0000029860e69060 WorkerThread "GC Thread#1"                     [id=15840, stack(0x000000ebee900000,0x000000ebeea00000) (1024K)]
  0x0000029860e698a0 WorkerThread "GC Thread#2"                     [id=13320, stack(0x000000ebeea00000,0x000000ebeeb00000) (1024K)]
  0x0000029860e6acf0 WorkerThread "GC Thread#3"                     [id=2328, stack(0x000000ebeeb00000,0x000000ebeec00000) (1024K)]
  0x0000029860e6b120 WorkerThread "GC Thread#4"                     [id=3436, stack(0x000000ebeec00000,0x000000ebeed00000) (1024K)]
  0x000002985bb79a10 WorkerThread "GC Thread#5"                     [id=5992, stack(0x000000ebeed00000,0x000000ebeee00000) (1024K)]
  0x0000029860e6c200 WorkerThread "GC Thread#6"                     [id=15984, stack(0x000000ebeee00000,0x000000ebeef00000) (1024K)]
  0x0000029860e6d790 WorkerThread "GC Thread#7"                     [id=10128, stack(0x000000ebeef00000,0x000000ebef000000) (1024K)]
  0x0000029841913160 ConcurrentGCThread "G1 Main Marker"            [id=13156, stack(0x000000ebed900000,0x000000ebeda00000) (1024K)]
  0x00000298419150d0 WorkerThread "G1 Conc#0"                       [id=8320, stack(0x000000ebeda00000,0x000000ebedb00000) (1024K)]
  0x0000029860e6caa0 WorkerThread "G1 Conc#1"                       [id=9292, stack(0x000000ebef000000,0x000000ebef100000) (1024K)]
  0x000002985b994150 ConcurrentGCThread "G1 Refine#0"               [id=4160, stack(0x000000ebedb00000,0x000000ebedc00000) (1024K)]
  0x000002985b994b60 ConcurrentGCThread "G1 Service"                [id=3676, stack(0x000000ebedc00000,0x000000ebedd00000) (1024K)]
Total: 15

Threads with active compile tasks:
C2 CompilerThread0  19591 13713       4       org.jetbrains.kotlin.resolve.calls.tower.SyntheticScopeBasedTowerLevel::getVariables (149 bytes)
C1 CompilerThread0  19592 13731       3       org.jetbrains.kotlin.resolve.calls.inference.components.PostponedArgumentInputTypesResolver::collectParameterTypesAndBuildNewExpectedTypes (292 bytes)
C2 CompilerThread1  19592 13699       4       org.jetbrains.kotlin.resolve.calls.components.ResolutionPartsKt::resolveKotlinArgument (572 bytes)
C2 CompilerThread2  19592 13732       4       org.jetbrains.kotlin.resolve.calls.inference.model.NewConstraintSystemImpl::freshTypeConstructor (18 bytes)
Total: 4

VM state: not at safepoint (normal execution)

VM Mutex/Monitor currently owned by a thread: None

Heap address: 0x0000000701200000, size: 4078 MB, Compressed Oops mode: Zero based, Oop shift amount: 3

CDS archive(s) not mapped
Compressed class space mapped at: 0x00000000a0000000-0x00000000e0000000, reserved size: 1073741824
UseCompressedClassPointers 1, UseCompactObjectHeaders 0
Narrow klass pointer bits 32, Max shift 3
Narrow klass base: 0x0000000000000000, Narrow klass shift: 0
Encoding Range: [0x0000000000000000 - 0x0000000100000000), (4294967296 bytes)
Klass Range:    [0x00000000a0000000 - 0x00000000e0000000), (1073741824 bytes)
Klass ID Range:  [2684354560 - 3758096377) (1073741817)
No protection zone.

GC Precious Log:
 CardTable entry size: 512
 Card Set container configuration: InlinePtr #cards 4 size 8 Array Of Cards #cards 16 size 48 Howl #buckets 8 coarsen threshold 3686 Howl Bitmap #cards 512 size 80 coarsen threshold 460 Card regions per heap region 1 cards per card region 4096
 CPUs: 8 total, 8 available
 Memory: 16304M
 Large Page Support: Disabled
 NUMA Support: Disabled
 Compressed Oops: Enabled (Zero based)
 Heap Region Size: 2M
 Heap Min Capacity: 8M
 Heap Initial Capacity: 256M
 Heap Max Capacity: 4078M
 Pre-touch: Disabled
 Parallel Workers: 8
 Concurrent Workers: 2
 Concurrent Refinement Workers: 8
 Periodic GC: Disabled

Heap:
 garbage-first heap   total reserved 4175872K, committed 180224K, used 88351K [0x0000000701200000, 0x0000000800000000)
  region size 2048K, 6 young (12288K), 3 survivors (6144K)

Heap Regions: E=young(eden), S=young(survivor), O=old, HS=humongous(starts), HC=humongous(continues), CS=collection set, F=free, TAMS=top-at-mark-start, PB=parsable bottom
|   0|0x0000000701200000, 0x0000000701400000, 0x0000000701400000|100%|HS|  |TAMS 0x0000000701200000| PB 0x0000000701200000| Complete |  0
|   1|0x0000000701400000, 0x0000000701600000, 0x0000000701600000|100%|HC|  |TAMS 0x0000000701400000| PB 0x0000000701400000| Complete |  0
|   2|0x0000000701600000, 0x0000000701800000, 0x0000000701800000|100%| O|  |TAMS 0x0000000701600000| PB 0x0000000701600000| Untracked |  0
|   3|0x0000000701800000, 0x0000000701a00000, 0x0000000701a00000|100%| O|  |TAMS 0x0000000701800000| PB 0x0000000701800000| Untracked |  0
|   4|0x0000000701a00000, 0x0000000701c00000, 0x0000000701c00000|100%| O|  |TAMS 0x0000000701a00000| PB 0x0000000701a00000| Untracked |  0
|   5|0x0000000701c00000, 0x0000000701e00000, 0x0000000701e00000|100%| O|  |TAMS 0x0000000701c00000| PB 0x0000000701c00000| Untracked |  0
|   6|0x0000000701e00000, 0x0000000702000000, 0x0000000702000000|100%| O|  |TAMS 0x0000000701e00000| PB 0x0000000701e00000| Untracked |  0
|   7|0x0000000702000000, 0x0000000702200000, 0x0000000702200000|100%|HS|  |TAMS 0x0000000702000000| PB 0x0000000702000000| Complete |  0
|   8|0x0000000702200000, 0x0000000702400000, 0x0000000702400000|100%|HS|  |TAMS 0x0000000702200000| PB 0x0000000702200000| Complete |  0
|   9|0x0000000702400000, 0x0000000702600000, 0x0000000702600000|100%| O|  |TAMS 0x0000000702400000| PB 0x0000000702400000| Untracked |  0
|  10|0x0000000702600000, 0x0000000702800000, 0x0000000702800000|100%| O|  |TAMS 0x0000000702600000| PB 0x0000000702600000| Untracked |  0
|  11|0x0000000702800000, 0x0000000702a00000, 0x0000000702a00000|100%| O|  |TAMS 0x0000000702800000| PB 0x0000000702800000| Untracked |  0
|  12|0x0000000702a00000, 0x0000000702c00000, 0x0000000702c00000|100%| O|  |TAMS 0x0000000702a00000| PB 0x0000000702a00000| Untracked |  0
|  13|0x0000000702c00000, 0x0000000702e00000, 0x0000000702e00000|100%| O|  |TAMS 0x0000000702c00000| PB 0x0000000702c00000| Untracked |  0
|  14|0x0000000702e00000, 0x0000000703000000, 0x0000000703000000|100%| O|  |TAMS 0x0000000702e00000| PB 0x0000000702e00000| Untracked |  0
|  15|0x0000000703000000, 0x0000000703200000, 0x0000000703200000|100%| O|  |TAMS 0x0000000703000000| PB 0x0000000703000000| Untracked |  0
|  16|0x0000000703200000, 0x0000000703400000, 0x0000000703400000|100%| O|  |TAMS 0x0000000703200000| PB 0x0000000703200000| Untracked |  0
|  17|0x0000000703400000, 0x0000000703600000, 0x0000000703600000|100%| O|  |TAMS 0x0000000703400000| PB 0x0000000703400000| Untracked |  0
|  18|0x0000000703600000, 0x0000000703800000, 0x0000000703800000|100%| O|  |TAMS 0x0000000703600000| PB 0x0000000703600000| Untracked |  0
|  19|0x0000000703800000, 0x0000000703a00000, 0x0000000703a00000|100%| O|  |TAMS 0x0000000703800000| PB 0x0000000703800000| Untracked |  0
|  20|0x0000000703a00000, 0x0000000703c00000, 0x0000000703c00000|100%| O|  |TAMS 0x0000000703a00000| PB 0x0000000703a00000| Untracked |  0
|  21|0x0000000703c00000, 0x0000000703e00000, 0x0000000703e00000|100%| O|  |TAMS 0x0000000703c00000| PB 0x0000000703c00000| Untracked |  0
|  22|0x0000000703e00000, 0x0000000704000000, 0x0000000704000000|100%| O|  |TAMS 0x0000000703e00000| PB 0x0000000703e00000| Untracked |  0
|  23|0x0000000704000000, 0x0000000704200000, 0x0000000704200000|100%| O|  |TAMS 0x0000000704000000| PB 0x0000000704000000| Untracked |  0
|  24|0x0000000704200000, 0x0000000704400000, 0x0000000704400000|100%| O|  |TAMS 0x0000000704200000| PB 0x0000000704200000| Untracked |  0
|  25|0x0000000704400000, 0x0000000704600000, 0x0000000704600000|100%| O|  |TAMS 0x0000000704400000| PB 0x0000000704400000| Untracked |  0
|  26|0x0000000704600000, 0x0000000704800000, 0x0000000704800000|100%| O|  |TAMS 0x0000000704600000| PB 0x0000000704600000| Untracked |  0
|  27|0x0000000704800000, 0x0000000704a00000, 0x0000000704a00000|100%| O|  |TAMS 0x0000000704800000| PB 0x0000000704800000| Untracked |  0
|  28|0x0000000704a00000, 0x0000000704c00000, 0x0000000704c00000|100%| O|  |TAMS 0x0000000704a00000| PB 0x0000000704a00000| Untracked |  0
|  29|0x0000000704c00000, 0x0000000704e00000, 0x0000000704e00000|100%| O|  |TAMS 0x0000000704c00000| PB 0x0000000704c00000| Untracked |  0
|  30|0x0000000704e00000, 0x0000000705000000, 0x0000000705000000|100%| O|  |TAMS 0x0000000704e00000| PB 0x0000000704e00000| Untracked |  0
|  31|0x0000000705000000, 0x0000000705200000, 0x0000000705200000|100%| O|  |TAMS 0x0000000705000000| PB 0x0000000705000000| Untracked |  0
|  32|0x0000000705200000, 0x0000000705400000, 0x0000000705400000|100%| O|  |TAMS 0x0000000705200000| PB 0x0000000705200000| Untracked |  0
|  33|0x0000000705400000, 0x0000000705600000, 0x0000000705600000|100%| O|  |TAMS 0x0000000705400000| PB 0x0000000705400000| Untracked |  0
|  34|0x0000000705600000, 0x0000000705800000, 0x0000000705800000|100%| O|  |TAMS 0x0000000705600000| PB 0x0000000705600000| Untracked |  0
|  35|0x0000000705800000, 0x0000000705a00000, 0x0000000705a00000|100%| O|  |TAMS 0x0000000705800000| PB 0x0000000705800000| Untracked |  0
|  36|0x0000000705a00000, 0x0000000705c00000, 0x0000000705c00000|100%| O|  |TAMS 0x0000000705a00000| PB 0x0000000705a00000| Untracked |  0
|  37|0x0000000705c00000, 0x0000000705e00000, 0x0000000705e00000|100%| O|  |TAMS 0x0000000705c00000| PB 0x0000000705c00000| Untracked |  0
|  38|0x0000000705e00000, 0x0000000705e695b8, 0x0000000706000000| 20%| O|  |TAMS 0x0000000705e00000| PB 0x0000000705e00000| Untracked |  0
|  39|0x0000000706000000, 0x0000000706000000, 0x0000000706200000|  0%| F|  |TAMS 0x0000000706000000| PB 0x0000000706000000| Untracked |  0
|  40|0x0000000706200000, 0x0000000706200000, 0x0000000706400000|  0%| F|  |TAMS 0x0000000706200000| PB 0x0000000706200000| Untracked |  0
|  41|0x0000000706400000, 0x0000000706400000, 0x0000000706600000|  0%| F|  |TAMS 0x0000000706400000| PB 0x0000000706400000| Untracked |  0
|  42|0x0000000706600000, 0x0000000706600000, 0x0000000706800000|  0%| F|  |TAMS 0x0000000706600000| PB 0x0000000706600000| Untracked |  0
|  43|0x0000000706800000, 0x0000000706800000, 0x0000000706a00000|  0%| F|  |TAMS 0x0000000706800000| PB 0x0000000706800000| Untracked |  0
|  44|0x0000000706a00000, 0x0000000706a00000, 0x0000000706c00000|  0%| F|  |TAMS 0x0000000706a00000| PB 0x0000000706a00000| Untracked |  0
|  45|0x0000000706c00000, 0x0000000706c00000, 0x0000000706e00000|  0%| F|  |TAMS 0x0000000706c00000| PB 0x0000000706c00000| Untracked |  0
|  46|0x0000000706e00000, 0x0000000706e00000, 0x0000000707000000|  0%| F|  |TAMS 0x0000000706e00000| PB 0x0000000706e00000| Untracked |  0
|  47|0x0000000707000000, 0x0000000707000000, 0x0000000707200000|  0%| F|  |TAMS 0x0000000707000000| PB 0x0000000707000000| Untracked |  0
|  48|0x0000000707200000, 0x00000007073de6b0, 0x0000000707400000| 93%| S|CS|TAMS 0x0000000707200000| PB 0x0000000707200000| Complete |  0
|  49|0x0000000707400000, 0x0000000707600000, 0x0000000707600000|100%| S|CS|TAMS 0x0000000707400000| PB 0x0000000707400000| Complete |  0
|  50|0x0000000707600000, 0x0000000707800000, 0x0000000707800000|100%| S|CS|TAMS 0x0000000707600000| PB 0x0000000707600000| Complete |  0
|  51|0x0000000707800000, 0x0000000707800000, 0x0000000707a00000|  0%| F|  |TAMS 0x0000000707800000| PB 0x0000000707800000| Untracked |  0
|  52|0x0000000707a00000, 0x0000000707a00000, 0x0000000707c00000|  0%| F|  |TAMS 0x0000000707a00000| PB 0x0000000707a00000| Untracked |  0
|  53|0x0000000707c00000, 0x0000000707c00000, 0x0000000707e00000|  0%| F|  |TAMS 0x0000000707c00000| PB 0x0000000707c00000| Untracked |  0
|  54|0x0000000707e00000, 0x0000000707e00000, 0x0000000708000000|  0%| F|  |TAMS 0x0000000707e00000| PB 0x0000000707e00000| Untracked |  0
|  55|0x0000000708000000, 0x0000000708000000, 0x0000000708200000|  0%| F|  |TAMS 0x0000000708000000| PB 0x0000000708000000| Untracked |  0
|  56|0x0000000708200000, 0x0000000708200000, 0x0000000708400000|  0%| F|  |TAMS 0x0000000708200000| PB 0x0000000708200000| Untracked |  0
|  57|0x0000000708400000, 0x0000000708400000, 0x0000000708600000|  0%| F|  |TAMS 0x0000000708400000| PB 0x0000000708400000| Untracked |  0
|  58|0x0000000708600000, 0x0000000708600000, 0x0000000708800000|  0%| F|  |TAMS 0x0000000708600000| PB 0x0000000708600000| Untracked |  0
|  59|0x0000000708800000, 0x0000000708800000, 0x0000000708a00000|  0%| F|  |TAMS 0x0000000708800000| PB 0x0000000708800000| Untracked |  0
|  60|0x0000000708a00000, 0x0000000708a00000, 0x0000000708c00000|  0%| F|  |TAMS 0x0000000708a00000| PB 0x0000000708a00000| Untracked |  0
|  61|0x0000000708c00000, 0x0000000708c00000, 0x0000000708e00000|  0%| F|  |TAMS 0x0000000708c00000| PB 0x0000000708c00000| Untracked |  0
|  62|0x0000000708e00000, 0x0000000708e00000, 0x0000000709000000|  0%| F|  |TAMS 0x0000000708e00000| PB 0x0000000708e00000| Untracked |  0
|  63|0x0000000709000000, 0x0000000709000000, 0x0000000709200000|  0%| F|  |TAMS 0x0000000709000000| PB 0x0000000709000000| Untracked |  0
|  64|0x0000000709200000, 0x0000000709200000, 0x0000000709400000|  0%| F|  |TAMS 0x0000000709200000| PB 0x0000000709200000| Untracked |  0
|  65|0x0000000709400000, 0x0000000709400000, 0x0000000709600000|  0%| F|  |TAMS 0x0000000709400000| PB 0x0000000709400000| Untracked |  0
|  66|0x0000000709600000, 0x0000000709600000, 0x0000000709800000|  0%| F|  |TAMS 0x0000000709600000| PB 0x0000000709600000| Untracked |  0
|  67|0x0000000709800000, 0x0000000709800000, 0x0000000709a00000|  0%| F|  |TAMS 0x0000000709800000| PB 0x0000000709800000| Untracked |  0
|  68|0x0000000709a00000, 0x0000000709a00000, 0x0000000709c00000|  0%| F|  |TAMS 0x0000000709a00000| PB 0x0000000709a00000| Untracked |  0
|  69|0x0000000709c00000, 0x0000000709c00000, 0x0000000709e00000|  0%| F|  |TAMS 0x0000000709c00000| PB 0x0000000709c00000| Untracked |  0
|  70|0x0000000709e00000, 0x0000000709e00000, 0x000000070a000000|  0%| F|  |TAMS 0x0000000709e00000| PB 0x0000000709e00000| Untracked |  0
|  71|0x000000070a000000, 0x000000070a000000, 0x000000070a200000|  0%| F|  |TAMS 0x000000070a000000| PB 0x000000070a000000| Untracked |  0
|  72|0x000000070a200000, 0x000000070a200000, 0x000000070a400000|  0%| F|  |TAMS 0x000000070a200000| PB 0x000000070a200000| Untracked |  0
|  73|0x000000070a400000, 0x000000070a400000, 0x000000070a600000|  0%| F|  |TAMS 0x000000070a400000| PB 0x000000070a400000| Untracked |  0
|  74|0x000000070a600000, 0x000000070a600000, 0x000000070a800000|  0%| F|  |TAMS 0x000000070a600000| PB 0x000000070a600000| Untracked |  0
|  75|0x000000070a800000, 0x000000070a800000, 0x000000070aa00000|  0%| F|  |TAMS 0x000000070a800000| PB 0x000000070a800000| Untracked |  0
|  76|0x000000070aa00000, 0x000000070aa00000, 0x000000070ac00000|  0%| F|  |TAMS 0x000000070aa00000| PB 0x000000070aa00000| Untracked |  0
|  77|0x000000070ac00000, 0x000000070ac00000, 0x000000070ae00000|  0%| F|  |TAMS 0x000000070ac00000| PB 0x000000070ac00000| Untracked |  0
|  78|0x000000070ae00000, 0x000000070ae00000, 0x000000070b000000|  0%| F|  |TAMS 0x000000070ae00000| PB 0x000000070ae00000| Untracked |  0
|  79|0x000000070b000000, 0x000000070b000000, 0x000000070b200000|  0%| F|  |TAMS 0x000000070b000000| PB 0x000000070b000000| Untracked |  0
|  80|0x000000070b200000, 0x000000070b200000, 0x000000070b400000|  0%| F|  |TAMS 0x000000070b200000| PB 0x000000070b200000| Untracked |  0
|  81|0x000000070b400000, 0x000000070b400000, 0x000000070b600000|  0%| F|  |TAMS 0x000000070b400000| PB 0x000000070b400000| Untracked |  0
|  82|0x000000070b600000, 0x000000070b600000, 0x000000070b800000|  0%| F|  |TAMS 0x000000070b600000| PB 0x000000070b600000| Untracked |  0
|  83|0x000000070b800000, 0x000000070b800000, 0x000000070ba00000|  0%| F|  |TAMS 0x000000070b800000| PB 0x000000070b800000| Untracked |  0
|  84|0x000000070ba00000, 0x000000070ba00000, 0x000000070bc00000|  0%| F|  |TAMS 0x000000070ba00000| PB 0x000000070ba00000| Untracked |  0
| 106|0x000000070e600000, 0x000000070e800000, 0x000000070e800000|100%| E|  |TAMS 0x000000070e600000| PB 0x000000070e600000| Complete |  0
| 107|0x000000070e800000, 0x000000070ea00000, 0x000000070ea00000|100%| E|CS|TAMS 0x000000070e800000| PB 0x000000070e800000| Complete |  0
| 127|0x0000000711000000, 0x0000000711200000, 0x0000000711200000|100%| E|CS|TAMS 0x0000000711000000| PB 0x0000000711000000| Complete |  0

Card table byte_map: [0x00000298548b0000,0x00000298550b0000] _byte_map_base: 0x00000298510a7000

Marking Bits: (CMBitMap*) 0x00000298418fa7d0
 Bits: [0x00000298550b0000, 0x0000029859068000)

Polling page: 0x0000029841060000

Metaspace:
Metaspace        used 66460K, committed 67136K, reserved 1114112K
 class space     used 8076K, committed 8384K, reserved 1048576K

Usage:
  Non-class:     57.02 MB used.
      Class:      7.89 MB used.
       Both:     64.90 MB used.

Virtual space:
  Non-class space:       64.00 MB reserved,      57.38 MB ( 90%) committed,  1 nodes.
      Class space:        1.00 GB reserved,       8.19 MB ( <1%) committed,  1 nodes.
             Both:        1.06 GB reserved,      65.56 MB (  6%) committed. 

Chunk freelists:
   Non-Class:  6.40 MB
       Class:  7.69 MB
        Both:  14.09 MB

MaxMetaspaceSize: unlimited
CompressedClassSpaceSize: 1.00 GB
Initial GC threshold: 21.00 MB
Current GC threshold: 98.06 MB
CDS: off
 - commit_granule_bytes: 65536.
 - commit_granule_words: 8192.
 - virtual_space_node_default_size: 8388608.
 - enlarge_chunks_in_place: 1.
UseCompressedClassPointers 1, UseCompactObjectHeaders 0
Narrow klass pointer bits 32, Max shift 3
Narrow klass base: 0x0000000000000000, Narrow klass shift: 0
Encoding Range: [0x0000000000000000 - 0x0000000100000000), (4294967296 bytes)
Klass Range:    [0x00000000a0000000 - 0x00000000e0000000), (1073741824 bytes)
Klass ID Range:  [2684354560 - 3758096377) (1073741817)
No protection zone.


Internal statistics:

num_allocs_failed_limit: 9.
num_arena_births: 1246.
num_arena_deaths: 0.
num_vsnodes_births: 2.
num_vsnodes_deaths: 0.
num_space_committed: 1047.
num_space_uncommitted: 0.
num_chunks_returned_to_freelist: 9.
num_chunks_taken_from_freelist: 3493.
num_chunk_merges: 9.
num_chunk_splits: 2600.
num_chunks_enlarged: 1984.
num_inconsistent_stats: 0.

CodeHeap 'non-profiled nmethods': size=120064Kb used=7314Kb max_used=7314Kb free=112750Kb
 bounds [0x000002984c840000, 0x000002984cf70000, 0x0000029853d80000]
CodeHeap 'profiled nmethods': size=120000Kb used=30116Kb max_used=30116Kb free=89883Kb
 bounds [0x0000029844d80000, 0x0000029846af0000, 0x000002984c2b0000]
CodeHeap 'non-nmethods': size=5696Kb used=1544Kb max_used=1668Kb free=4151Kb
 bounds [0x000002984c2b0000, 0x000002984c520000, 0x000002984c840000]
CodeCache: size=245760Kb, used=38974Kb, max_used=39098Kb, free=206784Kb
 total_blobs=14093, nmethods=13426, adapters=567, full_count=0
Compilation: enabled, stopped_count=0, restarted_count=0

Compilation events (20 events):
Event: 19.459 Thread 0x00000298615b65f0 13708       4       org.jetbrains.kotlin.resolve.calls.components.ClassicTypeSystemContextForCS::typeSubstitutorByTypeConstructor (32 bytes)
Event: 19.461 Thread 0x00000298615b65f0 nmethod 13708 0x000002984cf62c88 code [0x000002984cf62d80, 0x000002984cf63018]
Event: 19.481 Thread 0x000002985bb62260 13709       3       org.jetbrains.org.objectweb.asm.ClassReader::readUtf (161 bytes)
Event: 19.482 Thread 0x000002985bb62260 nmethod 13709 0x0000029846add288 code [0x0000029846add380, 0x0000029846add7a8]
Event: 19.485 Thread 0x000002985bb62260 13710       3       org.jetbrains.kotlin.com.intellij.psi.util.CachedValuesManager::getManager (20 bytes)
Event: 19.486 Thread 0x000002985bb62260 nmethod 13710 0x0000029846add808 code [0x0000029846add900, 0x0000029846addda8]
Event: 19.488 Thread 0x000002985bb62260 13711       3       org.jetbrains.org.objectweb.asm.ClassReader::readUtf (44 bytes)
Event: 19.489 Thread 0x000002985bb62260 nmethod 13711 0x0000029846adde08 code [0x0000029846addf00, 0x0000029846ade2b8]
Event: 19.497 Thread 0x00000298615b65f0 13712       4       org.jetbrains.kotlin.psi.KtPsiUtil::deparenthesize (6 bytes)
Event: 19.501 Thread 0x00000298615b65f0 nmethod 13712 0x000002984cf63088 code [0x000002984cf63180, 0x000002984cf634c8]
Event: 19.512 Thread 0x000002985bb5b200 13713       4       org.jetbrains.kotlin.resolve.calls.tower.SyntheticScopeBasedTowerLevel::getVariables (149 bytes)
Event: 19.516 Thread 0x00000298615b65f0 13714       4       org.jetbrains.kotlin.load.java.lazy.descriptors.LazyJavaClassMemberScope::getContributedVariables (27 bytes)
Event: 19.518 Thread 0x00000298615b65f0 nmethod 13714 0x000002984cf63508 code [0x000002984cf63600, 0x000002984cf637b8]
Event: 19.534 Thread 0x00000298615b65f0 13715       4       kotlin.collections.MapsKt__MapsKt::plus (37 bytes)
Event: 19.536 Thread 0x00000298615b65f0 nmethod 13715 0x000002984cf63808 code [0x000002984cf63900, 0x000002984cf63a98]
Event: 19.537 Thread 0x00000298615b65f0 13716       4       org.jetbrains.kotlin.types.expressions.typeInfoFactory.TypeInfoFactoryKt::createTypeInfo (21 bytes)
Event: 19.538 Thread 0x00000298615b65f0 nmethod 13716 0x000002984cf63b08 code [0x000002984cf63c00, 0x000002984cf63d08]
Event: 19.544 Thread 0x000002985bb62260 13717       3       org.jetbrains.kotlin.resolve.scopes.LexicalChainedScope::getContributedClassifier (113 bytes)
Event: 19.546 Thread 0x000002985bb62260 nmethod 13717 0x0000029846ade308 code [0x0000029846ade400, 0x0000029846adf3c0]
Event: 19.546 Thread 0x000002985bb62260 13718       3       org.jetbrains.kotlin.types.error.ErrorUtils::createErrorTypeWithArguments (51 bytes)

GC Heap Usage History (20 events):
Event: 4.406 {heap Before GC invocations=9 (full 0):
 garbage-first heap   total reserved 4175872K, committed 36864K, used 28550K [0x0000000701200000, 0x0000000800000000)
  region size 2048K, 6 young (12288K), 1 survivors (2048K)
}
Event: 4.409 {heap After GC invocations=10 (full 0):
 garbage-first heap   total reserved 4175872K, committed 36864K, used 18895K [0x0000000701200000, 0x0000000800000000)
  region size 2048K, 1 young (2048K), 1 survivors (2048K)
}
Event: 4.569 {heap Before GC invocations=10 (full 0):
 garbage-first heap   total reserved 4175872K, committed 36864K, used 29135K [0x0000000701200000, 0x0000000800000000)
  region size 2048K, 6 young (12288K), 1 survivors (2048K)
}
Event: 4.574 {heap After GC invocations=11 (full 0):
 garbage-first heap   total reserved 4175872K, committed 149504K, used 19562K [0x0000000701200000, 0x0000000800000000)
  region size 2048K, 1 young (2048K), 1 survivors (2048K)
}
Event: 6.460 {heap Before GC invocations=11 (full 0):
 garbage-first heap   total reserved 4175872K, committed 149504K, used 105578K [0x0000000701200000, 0x0000000800000000)
  region size 2048K, 43 young (88064K), 1 survivors (2048K)
}
Event: 6.479 {heap After GC invocations=12 (full 0):
 garbage-first heap   total reserved 4175872K, committed 149504K, used 30859K [0x0000000701200000, 0x0000000800000000)
  region size 2048K, 6 young (12288K), 6 survivors (12288K)
}
Event: 8.385 {heap Before GC invocations=12 (full 0):
 garbage-first heap   total reserved 4175872K, committed 149504K, used 106635K [0x0000000701200000, 0x0000000800000000)
  region size 2048K, 43 young (88064K), 6 survivors (12288K)
}
Event: 8.423 {heap After GC invocations=13 (full 0):
 garbage-first heap   total reserved 4175872K, committed 149504K, used 42973K [0x0000000701200000, 0x0000000800000000)
  region size 2048K, 6 young (12288K), 6 survivors (12288K)
}
Event: 9.285 {heap Before GC invocations=13 (full 0):
 garbage-first heap   total reserved 4175872K, committed 149504K, used 114653K [0x0000000701200000, 0x0000000800000000)
  region size 2048K, 41 young (83968K), 6 survivors (12288K)
}
Event: 9.306 {heap After GC invocations=14 (full 0):
 garbage-first heap   total reserved 4175872K, committed 149504K, used 48610K [0x0000000701200000, 0x0000000800000000)
  region size 2048K, 2 young (4096K), 2 survivors (4096K)
}
Event: 9.461 {heap Before GC invocations=14 (full 0):
 garbage-first heap   total reserved 4175872K, committed 149504K, used 52706K [0x0000000701200000, 0x0000000800000000)
  region size 2048K, 5 young (10240K), 2 survivors (4096K)
}
Event: 9.466 {heap After GC invocations=15 (full 0):
 garbage-first heap   total reserved 4175872K, committed 149504K, used 49340K [0x0000000701200000, 0x0000000800000000)
  region size 2048K, 3 young (6144K), 3 survivors (6144K)
}
Event: 12.219 {heap Before GC invocations=16 (full 0):
 garbage-first heap   total reserved 4175872K, committed 149504K, used 123068K [0x0000000701200000, 0x0000000800000000)
  region size 2048K, 39 young (79872K), 3 survivors (6144K)
}
Event: 12.242 {heap After GC invocations=17 (full 0):
 garbage-first heap   total reserved 4175872K, committed 149504K, used 60124K [0x0000000701200000, 0x0000000800000000)
  region size 2048K, 5 young (10240K), 5 survivors (10240K)
}
Event: 14.250 {heap Before GC invocations=17 (full 0):
 garbage-first heap   total reserved 4175872K, committed 149504K, used 123612K [0x0000000701200000, 0x0000000800000000)
  region size 2048K, 36 young (73728K), 5 survivors (10240K)
}
Event: 14.276 {heap After GC invocations=18 (full 0):
 garbage-first heap   total reserved 4175872K, committed 149504K, used 68713K [0x0000000701200000, 0x0000000800000000)
  region size 2048K, 5 young (10240K), 5 survivors (10240K)
}
Event: 16.523 {heap Before GC invocations=18 (full 0):
 garbage-first heap   total reserved 4175872K, committed 149504K, used 128105K [0x0000000701200000, 0x0000000800000000)
  region size 2048K, 33 young (67584K), 5 survivors (10240K)
}
Event: 16.540 {heap After GC invocations=19 (full 0):
 garbage-first heap   total reserved 4175872K, committed 180224K, used 77622K [0x0000000701200000, 0x0000000800000000)
  region size 2048K, 3 young (6144K), 3 survivors (6144K)
}
Event: 19.283 {heap Before GC invocations=19 (full 0):
 garbage-first heap   total reserved 4175872K, committed 180224K, used 153398K [0x0000000701200000, 0x0000000800000000)
  region size 2048K, 40 young (81920K), 3 survivors (6144K)
}
Event: 19.298 {heap After GC invocations=20 (full 0):
 garbage-first heap   total reserved 4175872K, committed 180224K, used 84255K [0x0000000701200000, 0x0000000800000000)
  region size 2048K, 3 young (6144K), 3 survivors (6144K)
}

Metaspace Usage History (20 events):
Event: 4.406 {metaspace Before GC invocations=9 (full 0):
 Metaspace       used 36960K, committed 37312K, reserved 1114112K
  class space    used 4749K, committed 4928K, reserved 1048576K
}
Event: 4.409 {metaspace After GC invocations=10 (full 0):
 Metaspace       used 36960K, committed 37312K, reserved 1114112K
  class space    used 4749K, committed 4928K, reserved 1048576K
}
Event: 4.569 {metaspace Before GC invocations=10 (full 0):
 Metaspace       used 37791K, committed 38272K, reserved 1114112K
  class space    used 4883K, committed 5120K, reserved 1048576K
}
Event: 4.574 {metaspace After GC invocations=11 (full 0):
 Metaspace       used 37791K, committed 38272K, reserved 1114112K
  class space    used 4883K, committed 5120K, reserved 1048576K
}
Event: 6.460 {metaspace Before GC invocations=11 (full 0):
 Metaspace       used 49243K, committed 49920K, reserved 1114112K
  class space    used 6294K, committed 6656K, reserved 1048576K
}
Event: 6.479 {metaspace After GC invocations=12 (full 0):
 Metaspace       used 49243K, committed 49920K, reserved 1114112K
  class space    used 6294K, committed 6656K, reserved 1048576K
}
Event: 8.385 {metaspace Before GC invocations=12 (full 0):
 Metaspace       used 54032K, committed 54784K, reserved 1114112K
  class space    used 6744K, committed 7104K, reserved 1048576K
}
Event: 8.423 {metaspace After GC invocations=13 (full 0):
 Metaspace       used 54032K, committed 54784K, reserved 1114112K
  class space    used 6744K, committed 7104K, reserved 1048576K
}
Event: 9.285 {metaspace Before GC invocations=13 (full 0):
 Metaspace       used 58474K, committed 59200K, reserved 1114112K
  class space    used 7451K, committed 7808K, reserved 1048576K
}
Event: 9.306 {metaspace After GC invocations=14 (full 0):
 Metaspace       used 58474K, committed 59200K, reserved 1114112K
  class space    used 7451K, committed 7808K, reserved 1048576K
}
Event: 9.461 {metaspace Before GC invocations=14 (full 0):
 Metaspace       used 59536K, committed 60160K, reserved 1114112K
  class space    used 7618K, committed 7936K, reserved 1048576K
}
Event: 9.466 {metaspace After GC invocations=15 (full 0):
 Metaspace       used 59536K, committed 60160K, reserved 1114112K
  class space    used 7618K, committed 7936K, reserved 1048576K
}
Event: 12.219 {metaspace Before GC invocations=16 (full 0):
 Metaspace       used 64001K, committed 64768K, reserved 1114112K
  class space    used 7963K, committed 8320K, reserved 1048576K
}
Event: 12.242 {metaspace After GC invocations=17 (full 0):
 Metaspace       used 64001K, committed 64768K, reserved 1114112K
  class space    used 7963K, committed 8320K, reserved 1048576K
}
Event: 14.250 {metaspace Before GC invocations=17 (full 0):
 Metaspace       used 65127K, committed 65792K, reserved 1114112K
  class space    used 8013K, committed 8320K, reserved 1048576K
}
Event: 14.276 {metaspace After GC invocations=18 (full 0):
 Metaspace       used 65127K, committed 65792K, reserved 1114112K
  class space    used 8013K, committed 8320K, reserved 1048576K
}
Event: 16.523 {metaspace Before GC invocations=18 (full 0):
 Metaspace       used 65729K, committed 66432K, reserved 1114112K
  class space    used 8042K, committed 8384K, reserved 1048576K
}
Event: 16.540 {metaspace After GC invocations=19 (full 0):
 Metaspace       used 65729K, committed 66432K, reserved 1114112K
  class space    used 8042K, committed 8384K, reserved 1048576K
}
Event: 19.283 {metaspace Before GC invocations=19 (full 0):
 Metaspace       used 66403K, committed 67072K, reserved 1114112K
  class space    used 8076K, committed 8384K, reserved 1048576K
}
Event: 19.298 {metaspace After GC invocations=20 (full 0):
 Metaspace       used 66403K, committed 67072K, reserved 1114112K
  class space    used 8076K, committed 8384K, reserved 1048576K
}

Dll operation events (3 events):
Event: 0.030 Loaded shared library E:\Apps\Andriod Studio\jbr\bin\java.dll
Event: 0.050 Loaded shared library E:\Apps\Andriod Studio\jbr\bin\zip.dll
Event: 1.957 Loaded shared library E:\Apps\Andriod Studio\jbr\bin\verify.dll

Deoptimization events (20 events):
Event: 19.236 Thread 0x000002983f5ad880 Uncommon trap: trap_request=0xffffff45 fr.pc=0x000002984cee5a5c relative=0x000000000000025c
Event: 19.236 Thread 0x000002983f5ad880 Uncommon trap: reason=unstable_if action=reinterpret pc=0x000002984cee5a5c method=org.jetbrains.kotlin.resolve.scopes.LexicalChainedScope.getContributedClassifier(Lorg/jetbrains/kotlin/name/Name;Lorg/jetbrains/kotlin/incremental/components/LookupLocation;
Event: 19.236 Thread 0x000002983f5ad880 DEOPT PACKING pc=0x000002984cee5a5c sp=0x000000ebed7f9a40
Event: 19.236 Thread 0x000002983f5ad880 DEOPT UNPACKING pc=0x000002984c3c8582 sp=0x000000ebed7f99a8 mode 2
Event: 19.246 Thread 0x000002983f5ad880 Uncommon trap: trap_request=0xffffffde fr.pc=0x000002984cf0e6d0 relative=0x0000000000002850
Event: 19.246 Thread 0x000002983f5ad880 Uncommon trap: reason=class_check action=maybe_recompile pc=0x000002984cf0e6d0 method=org.jetbrains.kotlin.resolve.BindingContextUtils.getRecordedTypeInfo(Lorg/jetbrains/kotlin/psi/KtExpression;Lorg/jetbrains/kotlin/resolve/BindingContext;)Lorg/jetbrains/
Event: 19.246 Thread 0x000002983f5ad880 DEOPT PACKING pc=0x000002984cf0e6d0 sp=0x000000ebed7fde90
Event: 19.246 Thread 0x000002983f5ad880 DEOPT UNPACKING pc=0x000002984c3c8582 sp=0x000000ebed7fde38 mode 2
Event: 19.246 Thread 0x000002983f5ad880 Uncommon trap: trap_request=0xffffffde fr.pc=0x000002984cf0e6d0 relative=0x0000000000002850
Event: 19.246 Thread 0x000002983f5ad880 Uncommon trap: reason=class_check action=maybe_recompile pc=0x000002984cf0e6d0 method=org.jetbrains.kotlin.resolve.BindingContextUtils.getRecordedTypeInfo(Lorg/jetbrains/kotlin/psi/KtExpression;Lorg/jetbrains/kotlin/resolve/BindingContext;)Lorg/jetbrains/
Event: 19.246 Thread 0x000002983f5ad880 DEOPT PACKING pc=0x000002984cf0e6d0 sp=0x000000ebed7fde90
Event: 19.246 Thread 0x000002983f5ad880 DEOPT UNPACKING pc=0x000002984c3c8582 sp=0x000000ebed7fde38 mode 2
Event: 19.481 Thread 0x000002983f5ad880 Uncommon trap: trap_request=0xffffff45 fr.pc=0x000002984c9b67a4 relative=0x0000000000000a24
Event: 19.481 Thread 0x000002983f5ad880 Uncommon trap: reason=unstable_if action=reinterpret pc=0x000002984c9b67a4 method=org.jetbrains.org.objectweb.asm.ClassReader.readUtf(II[C)Ljava/lang/String; @ 69 c2
Event: 19.481 Thread 0x000002983f5ad880 DEOPT PACKING pc=0x000002984c9b67a4 sp=0x000000ebed7fb6f0
Event: 19.481 Thread 0x000002983f5ad880 DEOPT UNPACKING pc=0x000002984c3c8582 sp=0x000000ebed7fb620 mode 2
Event: 19.481 Thread 0x000002983f5ad880 Uncommon trap: trap_request=0xffffff45 fr.pc=0x000002984c9aa628 relative=0x00000000000007a8
Event: 19.481 Thread 0x000002983f5ad880 Uncommon trap: reason=unstable_if action=reinterpret pc=0x000002984c9aa628 method=org.jetbrains.org.objectweb.asm.ClassReader.readUtf(II[C)Ljava/lang/String; @ 69 c2
Event: 19.481 Thread 0x000002983f5ad880 DEOPT PACKING pc=0x000002984c9aa628 sp=0x000000ebed7fb630
Event: 19.481 Thread 0x000002983f5ad880 DEOPT UNPACKING pc=0x000002984c3c8582 sp=0x000000ebed7fb610 mode 2

Classes loaded (20 events):
Event: 13.679 Loading class jdk/internal/math/FloatingDecimal$BinaryToASCIIBuffer
Event: 13.679 Loading class jdk/internal/math/FloatingDecimal$BinaryToASCIIBuffer done
Event: 13.679 Loading class jdk/internal/math/FloatingDecimal$1
Event: 13.679 Loading class jdk/internal/math/FloatingDecimal$1 done
Event: 13.680 Loading class jdk/internal/math/FloatingDecimal$PreparedASCIIToBinaryBuffer
Event: 13.680 Loading class jdk/internal/math/FloatingDecimal$ASCIIToBinaryConverter
Event: 13.680 Loading class jdk/internal/math/FloatingDecimal$ASCIIToBinaryConverter done
Event: 13.680 Loading class jdk/internal/math/FloatingDecimal$PreparedASCIIToBinaryBuffer done
Event: 13.680 Loading class jdk/internal/math/MathUtils
Event: 13.680 Loading class jdk/internal/math/MathUtils done
Event: 13.680 Loading class jdk/internal/math/FloatingDecimal$ASCIIToBinaryBuffer
Event: 13.680 Loading class jdk/internal/math/FloatingDecimal$ASCIIToBinaryBuffer done
Event: 13.954 Loading class jdk/internal/math/DoubleToDecimal
Event: 13.954 Loading class jdk/internal/math/ToDecimal
Event: 13.954 Loading class jdk/internal/math/ToDecimal done
Event: 13.954 Loading class jdk/internal/math/DoubleToDecimal done
Event: 14.412 Loading class jdk/internal/math/FloatToDecimal
Event: 14.412 Loading class jdk/internal/math/FloatToDecimal done
Event: 17.051 Loading class java/util/Collections$CopiesList
Event: 17.051 Loading class java/util/Collections$CopiesList done

Classes unloaded (0 events):
No events

Classes redefined (0 events):
No events

Internal exceptions (20 events):
Event: 8.818 Thread 0x000002983f5ad880 Implicit null exception at 0x000002984ca614c8 to 0x000002984ca63878
Event: 8.818 Thread 0x000002983f5ad880 Implicit null exception at 0x000002984ca614c8 to 0x000002984ca63878
Event: 8.818 Thread 0x000002983f5ad880 Implicit null exception at 0x000002984ca614c8 to 0x000002984ca63878
Event: 8.818 Thread 0x000002983f5ad880 Implicit null exception at 0x000002984ca5b6a8 to 0x000002984ca5d97c
Event: 8.818 Thread 0x000002983f5ad880 Implicit null exception at 0x000002984ca41e80 to 0x000002984ca425c0
Event: 8.822 Thread 0x000002983f5ad880 Implicit null exception at 0x000002984ca4356f to 0x000002984ca438b8
Event: 9.034 Thread 0x000002983f5ad880 Exception <a 'java/lang/IncompatibleClassChangeError'{0x0000000706614900}: Found class java.lang.Object, but interface was expected> (0x0000000706614900) 
thrown [s\src\hotspot\share\interpreter\linkResolver.cpp, line 882]
Event: 9.247 Thread 0x000002983f5ad880 Exception <a 'java/lang/NoSuchMethodError'{0x0000000705ed0ae0}: 'void java.lang.invoke.DirectMethodHandle$Holder.invokeSpecial(java.lang.Object, java.lang.Object, int, java.lang.Object)'> (0x0000000705ed0ae0) 
thrown [s\src\hotspot\share\interpreter\linkResolver.cpp, line 815]
Event: 9.267 Thread 0x000002983f5ad880 Exception <a 'java/lang/NoSuchMethodError'{0x0000000705f50c58}: 'java.lang.Object java.lang.invoke.DirectMethodHandle$Holder.newInvokeSpecial(java.lang.Object, java.lang.Object, java.lang.Object, java.lang.Object, int)'> (0x0000000705f50c58) 
thrown [s\src\hotspot\share\interpreter\linkResolver.cpp, line 815]
Event: 9.267 Thread 0x000002983f5ad880 Exception <a 'java/lang/NoSuchMethodError'{0x0000000705f5a9a0}: 'java.lang.Object java.lang.invoke.DirectMethodHandle$Holder.invokeSpecial(java.lang.Object, java.lang.Object, java.lang.Object, java.lang.Object, java.lang.Object, int)'> (0x0000000705f5a9a0) 
thrown [s\src\hotspot\share\interpreter\linkResolver.cpp, line 815]
Event: 9.267 Thread 0x000002983f5ad880 Exception <a 'java/lang/NoSuchMethodError'{0x0000000705f63d90}: 'java.lang.Object java.lang.invoke.Invokers$Holder.linkToTargetMethod(java.lang.Object, java.lang.Object, java.lang.Object, int, java.lang.Object)'> (0x0000000705f63d90) 
thrown [s\src\hotspot\share\interpreter\linkResolver.cpp, line 815]
Event: 9.343 Thread 0x000002983f5ad880 Exception <a 'java/lang/NoSuchMethodError'{0x0000000711145640}: 'void java.lang.invoke.DirectMethodHandle$Holder.invokeInterface(java.lang.Object, java.lang.Object)'> (0x0000000711145640) 
thrown [s\src\hotspot\share\interpreter\linkResolver.cpp, line 815]
Event: 9.387 Thread 0x000002983f5ad880 Exception <a 'java/lang/IncompatibleClassChangeError'{0x000000070e8b1368}: Found class java.lang.Object, but interface was expected> (0x000000070e8b1368) 
thrown [s\src\hotspot\share\interpreter\linkResolver.cpp, line 882]
Event: 9.826 Thread 0x000002983f5ad880 Exception <a 'java/lang/NoSuchMethodError'{0x000000070969cac0}: 'int java.lang.invoke.DirectMethodHandle$Holder.invokeStaticInit(java.lang.Object, int)'> (0x000000070969cac0) 
thrown [s\src\hotspot\share\interpreter\linkResolver.cpp, line 815]
Event: 9.927 Thread 0x000002983f5ad880 Exception <a 'java/lang/NoSuchMethodError'{0x000000070929cbf0}: 'java.lang.Object java.lang.invoke.DirectMethodHandle$Holder.invokeStatic(java.lang.Object, int, java.lang.Object)'> (0x000000070929cbf0) 
thrown [s\src\hotspot\share\interpreter\linkResolver.cpp, line 815]
Event: 10.658 Thread 0x000002983f5ad880 Implicit null exception at 0x000002984cbfc53f to 0x000002984cbfca7c
Event: 11.549 Thread 0x000002983f5ad880 Implicit null exception at 0x000002984cafec3a to 0x000002984cafee84
Event: 13.065 Thread 0x000002983f5ad880 Exception <a 'java/lang/NoSuchMethodError'{0x0000000708a098d8}: 'java.lang.Object java.lang.invoke.DirectMethodHandle$Holder.newInvokeSpecial(java.lang.Object, int, java.lang.Object, java.lang.Object)'> (0x0000000708a098d8) 
thrown [s\src\hotspot\share\interpreter\linkResolver.cpp, line 815]
Event: 16.761 Thread 0x000002983f5ad880 Implicit null exception at 0x000002984ccada14 to 0x000002984ccaf14c
Event: 19.228 Thread 0x000002983f5ad880 Implicit null exception at 0x000002984cf599b1 to 0x000002984cf59c3c

VM Operations (20 events):
Event: 13.163 Executing non-safepoint VM operation: HandshakeAllThreads (Deoptimize)
Event: 13.163 Executing non-safepoint VM operation: HandshakeAllThreads (Deoptimize) done
Event: 13.265 Executing non-safepoint VM operation: HandshakeAllThreads (Deoptimize)
Event: 13.265 Executing non-safepoint VM operation: HandshakeAllThreads (Deoptimize) done
Event: 14.250 Executing safepoint VM operation: G1CollectForAllocation (G1 Evacuation Pause)
Event: 14.276 Executing safepoint VM operation: G1CollectForAllocation (G1 Evacuation Pause) done
Event: 16.523 Executing safepoint VM operation: G1CollectForAllocation (G1 Evacuation Pause)
Event: 16.540 Executing safepoint VM operation: G1CollectForAllocation (G1 Evacuation Pause) done
Event: 16.743 Executing non-safepoint VM operation: HandshakeAllThreads (Deoptimize)
Event: 16.744 Executing non-safepoint VM operation: HandshakeAllThreads (Deoptimize) done
Event: 16.755 Executing non-safepoint VM operation: HandshakeAllThreads (Deoptimize)
Event: 16.755 Executing non-safepoint VM operation: HandshakeAllThreads (Deoptimize) done
Event: 17.048 Executing non-safepoint VM operation: HandshakeAllThreads (Deoptimize)
Event: 17.048 Executing non-safepoint VM operation: HandshakeAllThreads (Deoptimize) done
Event: 17.865 Executing non-safepoint VM operation: HandshakeAllThreads (Deoptimize)
Event: 17.865 Executing non-safepoint VM operation: HandshakeAllThreads (Deoptimize) done
Event: 17.867 Executing non-safepoint VM operation: HandshakeAllThreads (Deoptimize)
Event: 17.867 Executing non-safepoint VM operation: HandshakeAllThreads (Deoptimize) done
Event: 19.283 Executing safepoint VM operation: G1CollectForAllocation (G1 Evacuation Pause)
Event: 19.298 Executing safepoint VM operation: G1CollectForAllocation (G1 Evacuation Pause) done

Memory protections (0 events):
No events

Nmethod flushes (20 events):
Event: 9.525 Thread 0x000002985bb01760 flushing  nmethod 0x0000029844f28c08
Event: 9.525 Thread 0x000002985bb01760 flushing  nmethod 0x0000029844f29388
Event: 9.525 Thread 0x000002985bb01760 flushing  nmethod 0x0000029844f2a688
Event: 9.525 Thread 0x000002985bb01760 flushing  nmethod 0x0000029844f2ad08
Event: 9.525 Thread 0x000002985bb01760 flushing  nmethod 0x0000029844f2b008
Event: 9.525 Thread 0x000002985bb01760 flushing  nmethod 0x0000029844f33d08
Event: 9.525 Thread 0x000002985bb01760 flushing  nmethod 0x0000029844f34308
Event: 9.525 Thread 0x000002985bb01760 flushing  nmethod 0x0000029844f34a88
Event: 9.525 Thread 0x000002985bb01760 flushing  nmethod 0x0000029844f34e08
Event: 9.525 Thread 0x000002985bb01760 flushing  nmethod 0x0000029844f37b88
Event: 9.525 Thread 0x000002985bb01760 flushing  nmethod 0x0000029844f37e88
Event: 9.525 Thread 0x000002985bb01760 flushing  nmethod 0x0000029844f38188
Event: 9.525 Thread 0x000002985bb01760 flushing  nmethod 0x0000029844f38788
Event: 9.525 Thread 0x000002985bb01760 flushing  nmethod 0x0000029844f38e88
Event: 9.525 Thread 0x000002985bb01760 flushing  nmethod 0x0000029844f39d08
Event: 9.525 Thread 0x000002985bb01760 flushing  nmethod 0x0000029844f5dd08
Event: 9.525 Thread 0x000002985bb01760 flushing osr nmethod 0x0000029844f71d88
Event: 9.525 Thread 0x000002985bb01760 flushing osr nmethod 0x0000029844f78d88
Event: 9.525 Thread 0x000002985bb01760 flushing  nmethod 0x0000029844fb6d88
Event: 9.525 Thread 0x000002985bb01760 flushing  nmethod 0x0000029844fb7588

Events (20 events):
Event: 0.107 Thread 0x000002983f5ad880 Thread added: 0x000002985bb3e9a0
Event: 0.107 Thread 0x000002983f5ad880 Thread added: 0x000002985bb5b200
Event: 0.108 Thread 0x000002983f5ad880 Thread added: 0x000002985bb62260
Event: 0.172 Thread 0x000002983f5ad880 Thread added: 0x0000029860169980
Event: 0.189 Loaded shared library E:\Apps\Andriod Studio\jbr\bin\net.dll
Event: 0.194 Loaded shared library E:\Apps\Andriod Studio\jbr\bin\nio.dll
Event: 0.252 Thread 0x000002985bb5b200 Thread added: 0x00000298601d2d70
Event: 0.277 Loaded shared library E:\Apps\Andriod Studio\jbr\bin\zip.dll
Event: 0.386 Loaded shared library E:\Apps\Andriod Studio\jbr\bin\jimage.dll
Event: 0.405 Thread 0x00000298601d2d70 Thread exited: 0x00000298601d2d70
Event: 2.372 Thread 0x000002985bb62260 Thread added: 0x0000029860fcd8f0
Event: 2.440 Thread 0x000002985bb62260 Thread added: 0x0000029860fdd360
Event: 2.948 Thread 0x0000029860fdd360 Thread exited: 0x0000029860fdd360
Event: 3.389 Thread 0x0000029860fcd8f0 Thread exited: 0x0000029860fcd8f0
Event: 3.578 Thread 0x000002985bb62260 Thread added: 0x00000298613a8220
Event: 3.773 Thread 0x00000298613a8220 Thread exited: 0x00000298613a8220
Event: 3.865 Thread 0x000002985bb62260 Thread added: 0x0000029861039380
Event: 4.152 Thread 0x0000029861039380 Thread exited: 0x0000029861039380
Event: 4.345 Thread 0x000002985bb62260 Thread added: 0x0000029861612ad0
Event: 4.372 Thread 0x000002985bb62260 Thread added: 0x00000298615b65f0


Dynamic libraries:
0x00007ff650690000 - 0x00007ff65069a000 	E:\Apps\Andriod Studio\jbr\bin\java.exe
0x00007ffdac670000 - 0x00007ffdac85f000 	C:\Windows\SYSTEM32\ntdll.dll
0x00007ffda9940000 - 0x00007ffda99f3000 	C:\Windows\System32\KERNEL32.DLL
0x00007ffda86f0000 - 0x00007ffda898e000 	C:\Windows\System32\KERNELBASE.dll
0x00007ffda8ea0000 - 0x00007ffda8f9a000 	C:\Windows\System32\ucrtbase.dll
0x00007ffda6400000 - 0x00007ffda641b000 	E:\Apps\Andriod Studio\jbr\bin\VCRUNTIME140.dll
0x00007ffd539a0000 - 0x00007ffd539b6000 	E:\Apps\Andriod Studio\jbr\bin\jli.dll
0x00007ffd90eb0000 - 0x00007ffd91129000 	C:\Windows\WinSxS\amd64_microsoft.windows.common-controls_6595b64144ccf1df_6.0.17763.8755_none_de727e52534a2a93\COMCTL32.dll
0x00007ffda9da0000 - 0x00007ffda9f37000 	C:\Windows\System32\USER32.dll
0x00007ffda8c60000 - 0x00007ffda8c80000 	C:\Windows\System32\win32u.dll
0x00007ffda9b90000 - 0x00007ffda9bb9000 	C:\Windows\System32\GDI32.dll
0x00007ffda8a20000 - 0x00007ffda8bcc000 	C:\Windows\System32\gdi32full.dll
0x00007ffda8fa0000 - 0x00007ffda9040000 	C:\Windows\System32\msvcp_win.dll
0x00007ffda9d00000 - 0x00007ffda9d9e000 	C:\Windows\System32\msvcrt.dll
0x00007ffdaa6a0000 - 0x00007ffdaa9cc000 	C:\Windows\System32\combase.dll
0x00007ffda9bc0000 - 0x00007ffda9cda000 	C:\Windows\System32\RPCRT4.dll
0x00007ffda8bd0000 - 0x00007ffda8c52000 	C:\Windows\System32\bcryptPrimitives.dll
0x00007ffda9ab0000 - 0x00007ffda9ade000 	C:\Windows\System32\IMM32.DLL
0x00007ffda63f0000 - 0x00007ffda63fc000 	E:\Apps\Andriod Studio\jbr\bin\vcruntime140_1.dll
0x00007ffd53750000 - 0x00007ffd537dd000 	E:\Apps\Andriod Studio\jbr\bin\msvcp140.dll
0x00007ffd48470000 - 0x00007ffd4934a000 	E:\Apps\Andriod Studio\jbr\bin\server\jvm.dll
0x00007ffdaa460000 - 0x00007ffdaa509000 	C:\Windows\System32\ADVAPI32.dll
0x00007ffda9890000 - 0x00007ffda9932000 	C:\Windows\System32\sechost.dll
0x00007ffda86c0000 - 0x00007ffda86e6000 	C:\Windows\System32\bcrypt.dll
0x00007ffda8630000 - 0x00007ffda868d000 	C:\Windows\System32\POWRPROF.dll
0x00007ffdaa320000 - 0x00007ffdaa38d000 	C:\Windows\System32\WS2_32.dll
0x00007ffda6320000 - 0x00007ffda6344000 	C:\Windows\SYSTEM32\WINMM.dll
0x00007ffda61b0000 - 0x00007ffda61ba000 	C:\Windows\SYSTEM32\VERSION.dll
0x00007ffda62c0000 - 0x00007ffda62ed000 	C:\Windows\SYSTEM32\WINMMBASE.dll
0x00007ffda9040000 - 0x00007ffda908a000 	C:\Windows\System32\cfgmgr32.dll
0x00007ffda8610000 - 0x00007ffda8621000 	C:\Windows\System32\kernel.appcore.dll
0x00007ffd8c1a0000 - 0x00007ffd8c1aa000 	E:\Apps\Andriod Studio\jbr\bin\jimage.dll
0x00007ffda32a0000 - 0x00007ffda348d000 	C:\Windows\SYSTEM32\DBGHELP.DLL
0x00007ffd88d70000 - 0x00007ffd88d9a000 	C:\Windows\SYSTEM32\dbgcore.DLL
0x00007ffd85db0000 - 0x00007ffd85dcf000 	E:\Apps\Andriod Studio\jbr\bin\java.dll
0x00007ffdaa020000 - 0x00007ffdaa178000 	C:\Windows\System32\ole32.dll
0x00007ffdaa9d0000 - 0x00007ffdabec9000 	C:\Windows\System32\SHELL32.dll
0x00007ffda9ae0000 - 0x00007ffda9b88000 	C:\Windows\System32\shcore.dll
0x00007ffda9090000 - 0x00007ffda97d9000 	C:\Windows\System32\windows.storage.dll
0x00007ffda8690000 - 0x00007ffda86b3000 	C:\Windows\System32\profapi.dll
0x00007ffda9fc0000 - 0x00007ffdaa016000 	C:\Windows\System32\shlwapi.dll
0x00007ffda8990000 - 0x00007ffda89ab000 	C:\Windows\System32\cryptsp.dll
0x00007ffd829a0000 - 0x00007ffd829b7000 	E:\Apps\Andriod Studio\jbr\bin\zip.dll
0x00007ffd891e0000 - 0x00007ffd891f0000 	E:\Apps\Andriod Studio\jbr\bin\net.dll
0x00007ffda7e00000 - 0x00007ffda7e67000 	C:\Windows\system32\mswsock.dll
0x00007ffd7bf30000 - 0x00007ffd7bf46000 	E:\Apps\Andriod Studio\jbr\bin\nio.dll
0x00007ffd79110000 - 0x00007ffd79120000 	E:\Apps\Andriod Studio\jbr\bin\verify.dll

JVMTI agents: none

dbghelp: loaded successfully - version: 4.0.5 - missing functions: none
symbol engine: initialized successfully - sym options: 0x614 - pdb path: .;E:\Apps\Andriod Studio\jbr\bin;C:\Windows\SYSTEM32;C:\Windows\WinSxS\amd64_microsoft.windows.common-controls_6595b64144ccf1df_6.0.17763.8755_none_de727e52534a2a93;E:\Apps\Andriod Studio\jbr\bin\server

VM Arguments:
java_command: org.jetbrains.kotlin.cli.jvm.K2JVMCompiler @E:\Windows\Documents\Codes\biyahe-android\app\build\20261002_8458490238757872821.compiler.options
java_class_path (initial): C:\Users\Administrator\.gradle\caches\modules-2\files-2.1\org.jetbrains.kotlin\kotlin-compiler-embeddable\1.9.24\78dab849090e6c5e2eadb6e59a11cdc28fb67a08\kotlin-compiler-embeddable-1.9.24.jar;C:\Users\Administrator\.gradle\caches\modules-2\files-2.1\org.jetbrains.kotlin\kotlin-stdlib\1.9.24\9928532f12c66ad816a625b3f9984f8368ca6d2b\kotlin-stdlib-1.9.24.jar;C:\Users\Administrator\.gradle\caches\modules-2\files-2.1\org.jetbrains.kotlin\kotlin-script-runtime\1.9.24\96771497da90fbc5af1c90fce148db2595a62502\kotlin-script-runtime-1.9.24.jar;C:\Users\Administrator\.gradle\caches\modules-2\files-2.1\org.jetbrains.kotlin\kotlin-reflect\1.6.10\1cbe9c92c12a94eea200d23c2bbaedaf3daf5132\kotlin-reflect-1.6.10.jar;C:\Users\Administrator\.gradle\caches\modules-2\files-2.1\org.jetbrains.kotlin\kotlin-daemon-embeddable\1.9.24\86685b9c5e8d170925bd9ddbdc263374a6a73281\kotlin-daemon-embeddable-1.9.24.jar;C:\Users\Administrator\.gradle\caches\modules-2\files-2.1\org.jetbrains.intellij.deps\trove4j\1.0.20200330\3afb14d5f9ceb459d724e907a21145e8ff394f02\trove4j-1.0.20200330.jar;C:\Users\Administrator\.gradle\caches\modules-2\files-2.1\org.jetbrains\annotations\13.0\919f0dfe192fb4e063e7dacadee7f8bb9a2672a9\annotations-13.0.jar
Launcher Type: SUN_STANDARD

[Global flags]
     intx CICompilerCount                          = 4                                         {product} {ergonomic}
     uint ConcGCThreads                            = 2                                         {product} {ergonomic}
     uint G1ConcRefinementThreads                  = 8                                         {product} {ergonomic}
   size_t G1HeapRegionSize                         = 2097152                                   {product} {ergonomic}
   size_t InitialHeapSize                          = 268435456                                 {product} {ergonomic}
   size_t MarkStackSize                            = 4194304                                   {product} {ergonomic}
   size_t MarkStackSizeMax                         = 536870912                                 {product} {ergonomic}
   size_t MaxHeapSize                              = 4276092928                                {product} {ergonomic}
   size_t MaxNewSize                               = 2564816896                                {product} {ergonomic}
   size_t MinHeapDeltaBytes                        = 2097152                                   {product} {ergonomic}
   size_t MinHeapSize                              = 8388608                                   {product} {ergonomic}
    uintx NonNMethodCodeHeapSize                   = 5832704                                {pd product} {ergonomic}
    uintx NonProfiledCodeHeapSize                  = 122945536                              {pd product} {ergonomic}
    uintx ProfiledCodeHeapSize                     = 122880000                              {pd product} {ergonomic}
    uintx ReservedCodeCacheSize                    = 251658240                              {pd product} {ergonomic}
     bool SegmentedCodeCache                       = true                                      {product} {ergonomic}
   size_t SoftMaxHeapSize                          = 4276092928                             {manageable} {ergonomic}
     bool UseCompressedOops                        = true                           {product lp64_product} {ergonomic}
     bool UseG1GC                                  = true                                      {product} {ergonomic}
     bool UseLargePagesIndividualAllocation        = false                                  {pd product} {ergonomic}

Logging:
Log output configuration:
 #0: stdout all=warning uptime,level,tags foldmultilines=false
 #1: stderr all=off uptime,level,tags foldmultilines=false

Release file:
JAVA_VERSION="25.0.2" 
MODULES="java.base java.compiler java.datatransfer java.xml java.prefs java.desktop java.instrument java.logging java.management java.security.sasl java.naming java.rmi java.management.rmi java.net.http java.scripting java.security.jgss java.transaction.xa java.sql java.sql.rowset java.xml.crypto java.se java.smartcardio jdk.accessibility jdk.internal.jvmstat jdk.attach jdk.charsets jdk.internal.opt jdk.zipfs jdk.compiler jdk.crypto.cryptoki jdk.crypto.ec jdk.dynalink jdk.hotspot.agent jdk.httpserver jdk.internal.ed jdk.internal.le jdk.internal.md jdk.internal.vm.ci jdk.jartool jdk.javadoc jdk.jcmd jdk.jdeps jdk.jdwp.agent jdk.jdi jdk.jfr jdk.jlink jdk.localedata jdk.management jdk.management.agent jdk.management.jfr jdk.naming.dns jdk.naming.rmi jdk.net jdk.sctp jdk.security.auth jdk.security.jgss jdk.unsupported jdk.unsupported.desktop jdk.xml.dom" 
IMPLEMENTOR="JetBrains s.r.o." 
JAVA_RUNTIME_VERSION="25.0.2+-15348964-b329.117" 
LIBC="default" 
OS_ARCH="x86_64" 
OS_NAME="Windows" 
SOURCE=".:git:3cf398e84a39" 

Environment Variables:
PATH=C:\Program Files (x86)\Common Files\Oracle\Java\javapath;C:\Windows\system32;C:\Windows;C:\Windows\System32\Wbem;C:\Windows\System32\WindowsPowerShell\v1.0\;C:\Windows\System32\OpenSSH\;C:\Program Files (x86)\NVIDIA Corporation\PhysX\Common;C:\Program Files\dotnet\;C:\Program Files\NVIDIA Corporation\NVIDIA App\NvDLISR;D:\Tailscale\;D:\Git\Git\cmd;E:\PostgreSQL\bin;E:\xampp\php;C:\ProgramData\ComposerSetup\bin;C:\Users\Administrator\AppData\Local\Programs\Python\Python314\Scripts\;C:\Users\Administrator\AppData\Local\Programs\Python\Python314\;C:\Users\Administrator\AppData\Local\Programs\Python\Launcher\;C:\Users\Administrator\AppData\Local\Microsoft\WindowsApps;D:\Visual  Studio Code\Microsoft VS Code\bin;C:\Users\Administrator\AppData\Local\JetBrains\Toolbox\scripts;C:\Program Files\PostgreSQL\18\bin\;C:\Users\Administrator\AppData\Roaming\Composer\vendor\bin
USERNAME=Administrator
OS=Windows_NT
PROCESSOR_IDENTIFIER=AMD64 Family 23 Model 24 Stepping 1, AuthenticAMD
TMP=C:\Users\ADMINI~1\AppData\Local\Temp
TEMP=C:\Users\ADMINI~1\AppData\Local\Temp




Compilation memory statistics disabled.

Periodic native trim disabled

JNI global refs:
JNI global refs: 11, weak refs: 0

JNI global refs memory usage: 835, weak refs: 833

Process memory usage:
Resident Set Size: 396848K (2% of 16695968K total physical memory with 728044K free physical memory)

OOME stack traces (most recent first):
Classloader memory used:
Loader jdk.internal.loader.ClassLoaders$AppClassLoader                                 : 52645 K
Loader bootstrap                                                                       : 13814 K

---------------  S Y S T E M  ---------------

OS:
 Windows 10 , 64 bit Build 17763 (10.0.17763.8755)
OS uptime: 0 days 7:38 hours

CPU: total 8 (initial active 8) (8 cores per cpu, 2 threads per core) family 23 model 24 stepping 1 microcode 0x0, cx8, cmov, fxsr, ht, mmx, 3dnowpref, sse, sse2, sse3, ssse3, sse4a, sse4.1, sse4.2, popcnt, lzcnt, tsc, tscinvbit, avx, avx2, aes, clmul, bmi1, bmi2, adx, sha, fma, vzeroupper, clflush, clflushopt, rdtscp, f16c
Processor Information for the first 8 processors :
  Max Mhz: 3700, Current Mhz: 3700, Mhz Limit: 3700

Memory: 4k page, system-wide physical 16304M (707M free)
TotalPageFile size 20400M (AvailPageFile size 0M)
current process WorkingSet (physical memory assigned to process): 387M, peak: 388M
current process commit charge ("private bytes"): 424M, peak: 441M

vm_info: OpenJDK 64-Bit Server VM (25.0.2+-15348964-b329.117) for windows-amd64 JRE (25.0.2+-15348964-b329.117), built on 2026-05-05T18:25:19Z with MS VC++ 16.10 / 16.11 (VS2019)

END.
